./admin/admin/4.4/4.4todo
./admin/admin/4.4BSD-Lite/exhibitA
./admin/admin/forms/account
./admin/admin/letters/ansi.doc
./admin/admin/letters/ieee.doc
./admin/copyright/includes/proprietary.man
./admin/copyright/includes/redist.man
./admin/style/err
./bin/cp/path.c
./bin/df/pathnames.h
./bin/ps/pathnames.h
./bin/test/binary_op
./bin/test/error.c
./bin/test/extern.h
./bin/test/mkops
./bin/test/stalloc.c
./bin/test/unary_op
./contrib/dungeon/Makefile.sun
./contrib/dungeon/Makefile.sysv
./contrib/dungeon/PDP.doc
./contrib/dungeon/README.pdp
./contrib/dungeon/cinit.c
./contrib/dungeon/cio.c
./contrib/dungeon/cspeak.c
./contrib/dungeon/decode.c
./contrib/dungeon/dungeon.sh
./contrib/dungeon/lex.c
./contrib/dungeon/listen.c
./contrib/dungeon/maketxt.sh
./contrib/dungeon/speak.F
./contrib/sc/VMS_NOTES
./contrib/usr.x25/README-4.2bsd
./contrib/usr.x25/rc.local
./contrib/usr.x25/x25accton.c
./contrib/usr.x25/x25config.c
./contrib/usr.x25/x25sa.c
./games/adventure/okplay.c
./games/adventure/pathnames.h
./games/backgammon/backgammon/Mesgfix
./games/backgammon/common_source/message.c
./games/cribbage/macro
./games/cribbage/test.c
./games/fortune/random.h
./games/fortune/rnd.c
./games/larn/datfiles/lfortune
./games/monop/strcmp.c
./games/snake/snake/busy.c
./games/trek/shell.c
./include/Makefile.install
./include/lastlog.h
./include/pagsiz.h
./include/stdarg.h
./lib/libc/compat-43/creat.s
./lib/libc/compat-43/regex.c
./lib/libc/compat-43/sigblock.s
./lib/libc/compat-43/sigpause.s
./lib/libc/compat-43/sigsetmask.s
./lib/libc/compat-43/sigvec.s
./lib/libc/db/btree/Makefile
./lib/libc/db/btree/lrucache.c
./lib/libc/db/btree/lrucache.h
./lib/libc/db/btree/lruhash.c
./lib/libc/db/btree/lrutils.c
./lib/libc/db/btree/updutils.c
./lib/libc/gen/frexp.c
./lib/libc/gen/genbuildname.3
./lib/libc/gen/genbuildname.c
./lib/libc/gen/getgrgid.c
./lib/libc/gen/getgrnam.c
./lib/libc/gen/getlogin.3
./lib/libc/gen/getpwnam.c
./lib/libc/gen/getpwnamuid.c
./lib/libc/gen/getpwuid.c
./lib/libc/gen/getttynam.c
./lib/libc/gen/setegid.c
./lib/libc/gen/seteuid.c
./lib/libc/gen/setgid.c
./lib/libc/gen/setuid.c
./lib/libc/gen/signalsim.c
./lib/libc/gen/x.c
./lib/libc/hp300/:errfix
./lib/libc/hp300/gen/eprintf.c
./lib/libc/hp300/gen/frexp.s
./lib/libc/hp300/stdlib/atof.c
./lib/libc/hp300/sys/_getlogin.s
./lib/libc/hp300/sys/execl.s
./lib/libc/hp300/sys/execle.s
./lib/libc/hp300/sys/execv.s
./lib/libc/hp300/sys/getegid.s
./lib/libc/hp300/sys/geteuid.s
./lib/libc/hp300/sys/getppid.s
./lib/libc/i386/stdlib/abort.s
./lib/libc/i386/string/bcopy.no_overlap.s
./lib/libc/i386/sys/execl.s
./lib/libc/i386/sys/execle.s
./lib/libc/i386/sys/execv.s
./lib/libc/i386/sys/getegid.s
./lib/libc/i386/sys/geteuid.s
./lib/libc/i386/sys/getppid.s
./lib/libc/locale/ctype_case.c
./lib/libc/locale/multibyte.c
./lib/libc/net/SCCS/hosttable/Makefile
./lib/libc/net/SCCS/hosttable/gethostent.c
./lib/libc/net/SCCS/hosttable/gethostnamadr.c
./lib/libc/regex/README
./lib/libc/stdio/data.c
./lib/libc/stdio/fakcu.c
./lib/libc/stdio/filbuf.c
./lib/libc/stdio/gets.3
./lib/libc/stdio/rdwr.c
./lib/libc/string/bzero.c
./lib/libc/string/memcpy.c
./lib/libc/string/memmove.c
./lib/libc/string/strchr.c
./lib/libc/string/strncasecmp.3
./lib/libc/string/strncat.3
./lib/libc/string/strncmp.3
./lib/libc/string/strncpy.3
./lib/libc/string/strrchr.c
./lib/libc/sys/Ovadvise.s
./lib/libc/sys/Xsetregid.2
./lib/libc/sys/accept.s
./lib/libc/sys/access.s
./lib/libc/sys/acct.s
./lib/libc/sys/adjtime.s
./lib/libc/sys/bind.s
./lib/libc/sys/chdir.s
./lib/libc/sys/chflags.s
./lib/libc/sys/chmod.s
./lib/libc/sys/chown.s
./lib/libc/sys/chroot.s
./lib/libc/sys/close.s
./lib/libc/sys/connect.s
./lib/libc/sys/dup.s
./lib/libc/sys/dup2.s
./lib/libc/sys/execve.s
./lib/libc/sys/fchdir.s
./lib/libc/sys/fchflags.s
./lib/libc/sys/fchmod.s
./lib/libc/sys/fchown.s
./lib/libc/sys/fcntl.s
./lib/libc/sys/flock.s
./lib/libc/sys/fstat.s
./lib/libc/sys/fstatfs.s
./lib/libc/sys/fsync.s
./lib/libc/sys/ftruncate.s
./lib/libc/sys/getdirentries.s
./lib/libc/sys/getdtablesize.s
./lib/libc/sys/getfh.s
./lib/libc/sys/getfsstat.s
./lib/libc/sys/getgid.s
./lib/libc/sys/getgroups.s
./lib/libc/sys/gethostid.s
./lib/libc/sys/gethostname.s
./lib/libc/sys/getitimer.s
./lib/libc/sys/getpagesize.s
./lib/libc/sys/getpeername.s
./lib/libc/sys/getpgrp.s
./lib/libc/sys/getpid.s
./lib/libc/sys/getpriority.s
./lib/libc/sys/getrlimit.s
./lib/libc/sys/getrusage.s
./lib/libc/sys/getsockname.s
./lib/libc/sys/getsockopt.s
./lib/libc/sys/gettimeofday.s
./lib/libc/sys/getuid.s
./lib/libc/sys/ioctl.s
./lib/libc/sys/kill.s
./lib/libc/sys/killpg.s
./lib/libc/sys/ktrace.s
./lib/libc/sys/link.s
./lib/libc/sys/listen.s
./lib/libc/sys/lseek.s
./lib/libc/sys/lstat.s
./lib/libc/sys/mkdir.s
./lib/libc/sys/mkfifo.s
./lib/libc/sys/mknod.s
./lib/libc/sys/mmap.s
./lib/libc/sys/mount.s
./lib/libc/sys/nfssvc.s
./lib/libc/sys/open.s
./lib/libc/sys/profil.s
./lib/libc/sys/quotactl.s
./lib/libc/sys/read.s
./lib/libc/sys/readlink.s
./lib/libc/sys/readv.s
./lib/libc/sys/recv.s
./lib/libc/sys/recvfrom.s
./lib/libc/sys/recvmsg.s
./lib/libc/sys/rename.s
./lib/libc/sys/rmdir.s
./lib/libc/sys/select.s
./lib/libc/sys/sendmsg.s
./lib/libc/sys/sendto.s
./lib/libc/sys/setgroups.s
./lib/libc/sys/sethostid.s
./lib/libc/sys/sethostname.s
./lib/libc/sys/setitimer.s
./lib/libc/sys/setpgrp.s
./lib/libc/sys/setpriority.s
./lib/libc/sys/setregid.s
./lib/libc/sys/setreuid.s
./lib/libc/sys/setrlimit.s
./lib/libc/sys/setsid.s
./lib/libc/sys/setsockopt.s
./lib/libc/sys/settimeofday.s
./lib/libc/sys/shutdown.s
./lib/libc/sys/sigaction.s
./lib/libc/sys/sigstack.s
./lib/libc/sys/socket.s
./lib/libc/sys/socketpair.s
./lib/libc/sys/stat.s
./lib/libc/sys/statfs.s
./lib/libc/sys/swapon.s
./lib/libc/sys/symlink.s
./lib/libc/sys/sync.s
./lib/libc/sys/truncate.s
./lib/libc/sys/umask.s
./lib/libc/sys/unlink.s
./lib/libc/sys/unmount.s
./lib/libc/sys/utimes.s
./lib/libc/sys/vhangup.2
./lib/libc/sys/vhangup.s
./lib/libc/sys/wait4.s
./lib/libc/sys/write.s
./lib/libc/sys/writev.s
./lib/libc/tahoe/fpe/Makefile
./lib/libc/tahoe/gen/abort.s
./lib/libc/tahoe/stdlib/atof.s
./lib/libc/tahoe/sys/Ovadvise.s
./lib/libc/tahoe/sys/_exit.s
./lib/libc/tahoe/sys/accept.s
./lib/libc/tahoe/sys/access.s
./lib/libc/tahoe/sys/acct.s
./lib/libc/tahoe/sys/adjtime.s
./lib/libc/tahoe/sys/bind.s
./lib/libc/tahoe/sys/chdir.s
./lib/libc/tahoe/sys/chmod.s
./lib/libc/tahoe/sys/chown.s
./lib/libc/tahoe/sys/chroot.s
./lib/libc/tahoe/sys/close.s
./lib/libc/tahoe/sys/connect.s
./lib/libc/tahoe/sys/creat.s
./lib/libc/tahoe/sys/dup.s
./lib/libc/tahoe/sys/dup2.s
./lib/libc/tahoe/sys/execl.s
./lib/libc/tahoe/sys/execle.s
./lib/libc/tahoe/sys/execv.s
./lib/libc/tahoe/sys/execve.s
./lib/libc/tahoe/sys/fchmod.s
./lib/libc/tahoe/sys/fchown.s
./lib/libc/tahoe/sys/fcntl.s
./lib/libc/tahoe/sys/flock.s
./lib/libc/tahoe/sys/fstat.s
./lib/libc/tahoe/sys/fsync.s
./lib/libc/tahoe/sys/ftruncate.s
./lib/libc/tahoe/sys/getdtablesize.s
./lib/libc/tahoe/sys/getegid.s
./lib/libc/tahoe/sys/geteuid.s
./lib/libc/tahoe/sys/getgid.s
./lib/libc/tahoe/sys/getgroups.s
./lib/libc/tahoe/sys/gethostid.s
./lib/libc/tahoe/sys/gethostname.s
./lib/libc/tahoe/sys/getitimer.s
./lib/libc/tahoe/sys/getpagesize.s
./lib/libc/tahoe/sys/getpeername.s
./lib/libc/tahoe/sys/getpgrp.s
./lib/libc/tahoe/sys/getpid.s
./lib/libc/tahoe/sys/getppid.s
./lib/libc/tahoe/sys/getpriority.s
./lib/libc/tahoe/sys/getrlimit.s
./lib/libc/tahoe/sys/getrusage.s
./lib/libc/tahoe/sys/getsockname.s
./lib/libc/tahoe/sys/getsockopt.s
./lib/libc/tahoe/sys/gettimeofday.s
./lib/libc/tahoe/sys/getuid.s
./lib/libc/tahoe/sys/ioctl.s
./lib/libc/tahoe/sys/kill.s
./lib/libc/tahoe/sys/killpg.s
./lib/libc/tahoe/sys/link.s
./lib/libc/tahoe/sys/listen.s
./lib/libc/tahoe/sys/lseek.s
./lib/libc/tahoe/sys/lstat.s
./lib/libc/tahoe/sys/mkdir.s
./lib/libc/tahoe/sys/mknod.s
./lib/libc/tahoe/sys/mount.s
./lib/libc/tahoe/sys/open.s
./lib/libc/tahoe/sys/profil.s
./lib/libc/tahoe/sys/quota.s
./lib/libc/tahoe/sys/read.s
./lib/libc/tahoe/sys/readlink.s
./lib/libc/tahoe/sys/readv.s
./lib/libc/tahoe/sys/recv.s
./lib/libc/tahoe/sys/recvfrom.s
./lib/libc/tahoe/sys/recvmsg.s
./lib/libc/tahoe/sys/rename.s
./lib/libc/tahoe/sys/rmdir.s
./lib/libc/tahoe/sys/select.s
./lib/libc/tahoe/sys/send.s
./lib/libc/tahoe/sys/sendmsg.s
./lib/libc/tahoe/sys/sendto.s
./lib/libc/tahoe/sys/setgroups.s
./lib/libc/tahoe/sys/sethostid.s
./lib/libc/tahoe/sys/sethostname.s
./lib/libc/tahoe/sys/setitimer.s
./lib/libc/tahoe/sys/setpgrp.s
./lib/libc/tahoe/sys/setpriority.s
./lib/libc/tahoe/sys/setquota.s
./lib/libc/tahoe/sys/setregid.s
./lib/libc/tahoe/sys/setreuid.s
./lib/libc/tahoe/sys/setrlimit.s
./lib/libc/tahoe/sys/setsid.s
./lib/libc/tahoe/sys/setsockopt.s
./lib/libc/tahoe/sys/settimeofday.s
./lib/libc/tahoe/sys/shutdown.s
./lib/libc/tahoe/sys/sigblock.s
./lib/libc/tahoe/sys/sigpause.s
./lib/libc/tahoe/sys/sigsetmask.s
./lib/libc/tahoe/sys/sigstack.s
./lib/libc/tahoe/sys/sigvec.s
./lib/libc/tahoe/sys/socket.s
./lib/libc/tahoe/sys/socketpair.s
./lib/libc/tahoe/sys/stat.s
./lib/libc/tahoe/sys/swapon.s
./lib/libc/tahoe/sys/symlink.s
./lib/libc/tahoe/sys/sync.s
./lib/libc/tahoe/sys/truncate.s
./lib/libc/tahoe/sys/umask.s
./lib/libc/tahoe/sys/umount.s
./lib/libc/tahoe/sys/unlink.s
./lib/libc/tahoe/sys/utimes.s
./lib/libc/tahoe/sys/vhangup.s
./lib/libc/tahoe/sys/wait.s
./lib/libc/tahoe/sys/write.s
./lib/libc/tahoe/sys/writev.s
./lib/libc/vax/gen/abort.s
./lib/libc/vax/gen/frexp.s
./lib/libc/vax/net/DEFS.h
./lib/libc/vax/stdio.old/doprnt.c
./lib/libc/vax/stdio.old/gets.s
./lib/libc/vax/stdio.old/mcount.sed
./lib/libc/vax/stdlib/atof.s
./lib/libc/vax/sys/_exit.s
./lib/libc/vax/sys/_getlogin.s
./lib/libc/vax/sys/execl.s
./lib/libc/vax/sys/execle.s
./lib/libc/vax/sys/execv.s
./lib/libc/vax/sys/getegid.s
./lib/libc/vax/sys/geteuid.s
./lib/libc/vax/sys/getppid.s
./lib/libc/vax/sys/send.s
./lib/libc/vax/sys/signal.s
./lib/libc/vax/sys/wait.s
./lib/libc/vax/sys/wait3.s
./lib/libcompat/4.1/Makefile
./lib/libcompat/4.1/reset.c
./lib/libcompat/4.1/strcatn.c
./lib/libcompat/4.1/strcmpn.c
./lib/libcompat/4.1/strcpyn.c
./lib/libcompat/4.3/Makefile
./lib/libcompat/4.3/ruserpass.c
./lib/libcompat/regexp/Makefile
./lib/libcompat/regexp/tests
./lib/libcompat/regexp/timer.c
./lib/libcompat/regexp/try.c
./lib/libcurses/:ctfix
./lib/libcurses/curses.ext
./lib/libcurses/endwin.c
./lib/libcurses/mvprintw.c
./lib/libcurses/mvscanw.c
./lib/libm/README.txt
./lib/libm/common/Makefile
./lib/libm/common/trig.c
./lib/libm/common_source/math.h
./lib/libm/ieee/Makefile
./lib/libm/mc68881/exp.s
./lib/libm/mc68881/log.s
./lib/libm/national/Makefile
./lib/libm/national/national.s
./lib/libm/vax/Makefile
./libexec/bugfiler/unixtomh.c
./libexec/comsat/pathnames.h
./libexec/ftpd/CHANGES
./libexec/ftpd/newvers.sh
./libexec/ftpd/vers.c
./libexec/getty/get_date.c
./libexec/mail.local/delivermail.sh
./libexec/rexecd/pathnames.h
./libexec/rshd/pathnames.h
./local/ditroff/ditroff.okeeffe/d.h
./local/ditroff/ditroff.okeeffe/eqn/e.y
./local/ditroff/ditroff.okeeffe/eqn/io.c
./local/ditroff/ditroff.okeeffe/grap/README
./local/ditroff/ditroff.okeeffe/grap/grap.1
./local/ditroff/ditroff.okeeffe/pic/driver.c
./local/ditroff/ditroff.okeeffe/pic/pic2.c
./local/ditroff/ditroff.okeeffe/pic/troffgen.c
./local/ditroff/ditroff.okeeffe/s.h
./local/ditroff/ditroff.okeeffe/troff/d.h
./local/ditroff/ditroff.okeeffe/troff/s.h
./local/ditroff/ditroff.okeeffe/troff/v.h
./local/ditroff/ditroff.okeeffe/v.h
./local/local.cmd/cpio.c
./local/local.cmd/ncpio.c
./local/sccscmds/sccscmds.2/cmd/ctime.c
./local/sccscmds/sccscmds.ok/cmd/ctime.c
./local/transcript/lib/Makefile
./local/transcript/src/Makefile
./local/transcript/src/ps4014.c
./local/transcript/src/pscomm.c
./local/transcript/src/psrev.c
./old/adb/adb.tahoe/access.c
./old/adb/adb.tahoe/command.c
./old/adb/adb.tahoe/defs.h
./old/adb/adb.tahoe/expr.c
./old/adb/adb.tahoe/format.c
./old/adb/adb.tahoe/head.h
./old/adb/adb.tahoe/input.c
./old/adb/adb.tahoe/mac.h
./old/adb/adb.tahoe/machine.h
./old/adb/adb.tahoe/main.c
./old/adb/adb.tahoe/message.c
./old/adb/adb.tahoe/mode.h
./old/adb/adb.tahoe/output.c
./old/adb/adb.tahoe/pcs.c
./old/adb/adb.tahoe/print.c
./old/adb/adb.tahoe/runpcs.c
./old/adb/adb.tahoe/setup.c
./old/adb/adb.tahoe/sym.c
./old/adb/adb.vax/access.c
./old/adb/adb.vax/command.c
./old/adb/adb.vax/defs.h
./old/adb/adb.vax/expr.c
./old/adb/adb.vax/format.c
./old/adb/adb.vax/head.h
./old/adb/adb.vax/input.c
./old/adb/adb.vax/instrs
./old/adb/adb.vax/mac.h
./old/adb/adb.vax/machine.h
./old/adb/adb.vax/main.c
./old/adb/adb.vax/message.c
./old/adb/adb.vax/mode.h
./old/adb/adb.vax/output.c
./old/adb/adb.vax/pcs.c
./old/adb/adb.vax/print.c
./old/adb/adb.vax/runpcs.c
./old/adb/adb.vax/setup.c
./old/adb/adb.vax/sym.c
./old/as.vax/asscan.c
./old/as.vax/astoks.h
./old/awk/token.c
./old/awk/tokenscript
./old/dbx/ops.c
./old/dbx/runtime.c
./old/dbx/tests/cc/make
./old/dbx/tests/cc/user.in
./old/games.vax/compat/Original/Makefile
./old/games.vax/compat/Original/compat.s
./old/games.vax/compat/Original/dosig.c
./old/games.vax/compat/Original/runcompat.c
./old/machine/machine.c
./old/make/gcos.c
./old/make/ident.c
./old/ms/tmac.sdisp
./old/ms/tmac.skeep
./old/ms/tmac.srefs
./old/pcc/ccom.tahoe/:yyfix
./old/pcc/ccom.vax/:yyfix
./old/pcc/ccom.vax/mac2defs
./old/pcc/ccom.vax/macdefs
./old/pcc/lint/:yyfix
./old/pcc/lint/READ_ME
./old/pcc/mip/common
./old/pcc/mip/manifest
./old/pcc/mip/mfile1
./old/pcc/mip/mfile2
./old/refer/OTHERS/runinv
./old/roff/troff_font/Makefile
./old/roff/troff_font/chars.c
./old/roff/troff_font/ftB.c
./old/roff/troff_font/ftBC.c
./old/roff/troff_font/ftC.c
./old/roff/troff_font/ftCE.c
./old/roff/troff_font/ftCI.c
./old/roff/troff_font/ftCK.c
./old/roff/troff_font/ftCS.c
./old/roff/troff_font/ftCW.c
./old/roff/troff_font/ftG.c
./old/roff/troff_font/ftGI.c
./old/roff/troff_font/ftGM.c
./old/roff/troff_font/ftGR.c
./old/roff/troff_font/ftI.c
./old/roff/troff_font/ftL.c
./old/roff/troff_font/ftLI.c
./old/roff/troff_font/ftPA.c
./old/roff/troff_font/ftPB.c
./old/roff/troff_font/ftPI.c
./old/roff/troff_font/ftR.c
./old/roff/troff_font/ftS.c
./old/roff/troff_font/ftSB.c
./old/roff/troff_font/ftSI.c
./old/roff/troff_font/ftSM.c
./old/roff/troff_font/ftUD.c
./old/roff/troff_font/ftXM.c
./old/sdb/opset.c
./old/sdb/optab.c
./old/sdb/ps.c
./old/sdb/rdwr.c
./old/sh/dup.h
./old/tp/tp_defs.h
./sbin/dmesg/pathnames.h
./sbin/fsdb/pathnames.h
./sbin/reboot/halt.8
./sbin/reboot/halt.c
./sbin/routed/routed.c
./share/doc/usd/Pagecounts
./share/man/man3/intro.3c
./share/man/man3/intro.3n
./share/man/man3/intro.3x
./share/man/manroff
./share/misc/greek
./share/mk/bsd.global.mk
./share/mk/bsd.own.mk
./share/mk/bsd.stdtarg.mk
./share/mk/rcs.mk
./share/tmac/tmac.an.v6compat
./share/tmac/tmac.an6n
./share/tmac/tmac.an6t
./sys/hp/dev/iteioctl.h
./sys/hp300/dev/RDIDS
./sys/hp300/hp300/ns_cksum.c
./sys/hp300/stand/copy.c
./sys/hp300/stand/installboot.c
./sys/hp300/stand/saio.h
./sys/hp300/stand/sys.c
./sys/i386/i386/ufs_machdep.c
./sys/i386/stand/cat.c
./sys/i386/stand/disklabel.c
./sys/i386/stand/disktab.c
./sys/i386/stand/dlbl.c
./sys/i386/stand/gets.c
./sys/i386/stand/ls.c
./sys/i386/stand/mem.c
./sys/i386/stand/saio.h
./sys/i386/stand/sys.c
./sys/kern/subr_rmap.c.sav
./sys/kern/syscalls.awk
./sys/kern/tty_bk.c
./sys/kern/uipc_mu_msg.c
./sys/kern/uipc_pipe.c
./sys/kern/vfs_xxx.c
./sys/luna68k/include/memory.h
./sys/luna68k/include/rdvar.h
./sys/miscfs/union/libc.opendir.c
./sys/netccitt/x25_var.h
./sys/netinet/in_local.c
./sys/netinet/in_local.h
./sys/netiso/clnp_arp.c
./sys/netiso/clnp_sprintf.c
./sys/netiso/if_clnp.h
./sys/netiso/if_lpb.c
./sys/netiso/if_un.eg
./sys/netiso/iso_addrs.c
./sys/netiso/iso_map.h
./sys/netiso/iso_sizes.c
./sys/netiso/iso_usrreq.c
./sys/netiso/te.c
./sys/netiso/tp_sizes.c
./sys/netiso/trtp.c
./sys/news3400/fb/x.c
./sys/pmax/pmax/kadb.s
./sys/pmax/stand/coff.c
./sys/stand.att/docopy.c
./sys/stand.att/printn.c
./sys/sys/efs.h
./sys/sys/syscontext.h
./sys/sys/tsleep.h
./sys/sys/vnode_if.h
./sys/tahoe/include/misc.c
./sys/tahoe/include/spl.c
./sys/tahoe/stand/cat.c
./sys/tahoe/stand/copy.c
./sys/tahoe/stand/devcopy.c
./sys/tahoe/stand/fastcopy.c
./sys/tahoe/stand/ls.c
./sys/tahoe/stand/saio.h
./sys/tahoe/stand/sys.c
./sys/tahoe/stand/udc.c
./sys/tahoe/stand/udc.h
./sys/tahoe/stand/udcformat.c
./sys/tahoe/stand/xpformat.c
./sys/tahoe/vba/cyvar.h
./sys/tahoe/vba/scat_vddc.c
./sys/tahoe/vba/vddc.h
./sys/tahoe/vba/vxc.c
./sys/tahoe/vba/vxdebug.h
./sys/tahoe/vba/vxm.c
./sys/tests/netccitt/sink2.c
./sys/tests/netccitt/t.c
./sys/tests/netccitt/t1.c
./sys/tests/netiso/te.c
./sys/ufs/ffs/dinode.h
./sys/ufs/ffs/dir.h
./sys/ufs/ffs/inode.h
./sys/ufs/ffs/lockf.h
./sys/ufs/ffs/quota.h
./sys/ufs/ffs/ufs_bmap.c
./sys/ufs/ffs/ufs_disksubr.c
./sys/ufs/ffs/ufs_extern.h
./sys/ufs/ffs/ufs_ihash.c
./sys/ufs/ffs/ufs_inode.c
./sys/ufs/ffs/ufs_lockf.c
./sys/ufs/ffs/ufs_lookup.c
./sys/ufs/ffs/ufs_quota.c
./sys/ufs/ffs/ufs_readwrite.c
./sys/ufs/ffs/ufs_vfsops.c
./sys/ufs/ffs/ufs_vnops.c
./sys/ufs/ffs/ufsmount.h
./sys/vax/uba/qd_data.c
./sys/vax/vax/dkio.h
./sys/vm/vm_user.h
./usr.bin/ar/header.c
./usr.bin/ar/tar.5
./usr.bin/calendar/calendar.sh
./usr.bin/compress/usermem.sh
./usr.bin/diction/README
./usr.bin/diction/getopt.c
./usr.bin/ex/bcopy.c
./usr.bin/ex/ex_vars.h
./usr.bin/ex/rofix
./usr.bin/ex/uparm.h
./usr.bin/f77/libF77/bit.c
./usr.bin/f77/libF77/cabs.c
./usr.bin/f77/libF77/d_sqrt.c
./usr.bin/f77/libF77/makefile
./usr.bin/f77/libF77/z_abs.c
./usr.bin/f77/libI77/dfe.c
./usr.bin/f77/libI77/iio.c
./usr.bin/f77/libI77/makefile
./usr.bin/f77/libI77/sfe.c
./usr.bin/f77/libU77/makefile
./usr.bin/f77/libU77/signal_.c
./usr.bin/f77/pass1.vax/tokdefs.h
./usr.bin/find/oldsyntax.c
./usr.bin/finger/pathnames.h
./usr.bin/gcore/util.c
./usr.bin/gprof/PSD.doc/bigthin.me
./usr.bin/gprof/PSD.doc/equations.me
./usr.bin/gprof/PSD.doc/longthin.me
./usr.bin/hexdump/bpad.c
./usr.bin/login/login.c.1
./usr.bin/m4/eval.h
./usr.bin/m4/extr.h
./usr.bin/m4/look.h
./usr.bin/m4/m4.c
./usr.bin/m4/m4y.y
./usr.bin/m4/misc.h
./usr.bin/mail/40.local.c
./usr.bin/mail/40.local.h
./usr.bin/mail/CHANGES
./usr.bin/mail/Makefile.11
./usr.bin/mail/Signal.c
./usr.bin/mail/c.local.c
./usr.bin/mail/c.local.h
./usr.bin/mail/cc.local.c
./usr.bin/mail/cc.local.h
./usr.bin/mail/config.c
./usr.bin/mail/configdefs.h
./usr.bin/mail/errlst.c
./usr.bin/mail/index.c
./usr.bin/mail/ing.local.c
./usr.bin/mail/ing.local.h
./usr.bin/mail/local.h
./usr.bin/mail/lock.c
./usr.bin/mail/makefile.40
./usr.bin/mail/makefile.cc
./usr.bin/mail/makefile.cor
./usr.bin/mail/makefile.ing
./usr.bin/mail/makefile.v6
./usr.bin/mail/makefile.v7
./usr.bin/mail/optim.c
./usr.bin/mail/sigretro.c
./usr.bin/mail/sigretro.h
./usr.bin/mail/v6.local.c
./usr.bin/mail/v6.local.h
./usr.bin/make/lst.lib/lstCur.c
./usr.bin/make/lst.lib/lstFake.c
./usr.bin/make/lst.lib/lstIndex.c
./usr.bin/make/lst.lib/lstLength.c
./usr.bin/make/lst.lib/lstMove.c
./usr.bin/make/lst.lib/lstPred.c
./usr.bin/make/lst.lib/lstPrev.c
./usr.bin/make/lst.lib/lstSetCirc.c
./usr.bin/make/utimes.c
./usr.bin/more/README
./usr.bin/more/cmd.h
./usr.bin/more/lesskey.1
./usr.bin/more/lesskey.c
./usr.bin/more/linstall
./usr.bin/more/mkfuncs.awk
./usr.bin/more/position.h
./usr.bin/more/prompt.c
./usr.bin/more/vecho.c
./usr.bin/more/version.c
./usr.bin/nohup/nohup.sh
./usr.bin/pagesize/pagesize.c
./usr.bin/pascal/pdx/command/y.tab.h
./usr.bin/pascal/px/x
./usr.bin/pascal/src/pcops.h
./usr.bin/pascal/src/pimakefile
./usr.bin/pascal/src/sccsmakefile
./usr.bin/passwd/chfn.sh
./usr.bin/passwd/chsh.sh
./usr.bin/patch/patch.n
./usr.bin/struct/struct/2.test.c
./usr.bin/struct/struct/3.test.c
./usr.bin/su/pathnames.h
./usr.bin/tip/aculib/Makefile
./usr.bin/tn3270/api/README
./usr.bin/tn3270/api/ascebc.h
./usr.bin/tn3270/api/asctab.c
./usr.bin/tn3270/api/makefile
./usr.bin/tn3270/api/test.c
./usr.bin/tn3270/ascii/ebctab.c
./usr.bin/tn3270/ascii/makefile
./usr.bin/tn3270/ascii/map3270.ext
./usr.bin/tn3270/ascii/termcodes.m4
./usr.bin/tn3270/ascii/termin.ext
./usr.bin/tn3270/ctlr/defs.h
./usr.bin/tn3270/ctlr/inbound.ext
./usr.bin/tn3270/ctlr/makefile
./usr.bin/tn3270/ctlr/options.ext
./usr.bin/tn3270/ctlr/outbound.ext
./usr.bin/tn3270/general/bsubs.ext
./usr.bin/tn3270/general/makefile
./usr.bin/tn3270/makefile
./usr.bin/tn3270/sys_curses/makefile
./usr.bin/tn3270/sys_curses/termout.ext
./usr.bin/tn3270/telnet.c
./usr.bin/tn3270/telnet.ext
./usr.bin/tn3270/tools/makefile
./usr.bin/tset/reset.c
./usr.bin/tset/tset.delays.h
./usr.bin/uucp/TODO
./usr.bin/uucp/assert.c
./usr.bin/uucp/gnamef.c
./usr.bin/uucp/nio.c
./usr.bin/uucp/pk.p
./usr.bin/uucp/pkon.c
./usr.bin/uucp/port/getopt.c
./usr.bin/uucp/port/getpw.c
./usr.bin/uucp/sdmail.c
./usr.bin/uucp/shio.c
./usr.sbin/amd/doc/amdref.fns
./usr.sbin/amd/doc/amdref.kys
./usr.sbin/amd/doc/amdref.pgs
./usr.sbin/amd/doc/amdref.tps
./usr.sbin/amd/doc/amdref.vrs
./usr.sbin/chown/chgrp.c
./usr.sbin/lpr/etc.printcap
./usr.sbin/mtree/util.c
./usr.sbin/quotaon/pathnames.h
./usr.sbin/sendmail/cf/domain/cs.hidden.m4
./usr.sbin/sendmail/doc/mailaddr.7
./usr.sbin/sendmail/doc/syslog.3
./usr.sbin/sendmail/doc/syslog.8
./usr.sbin/timed/timed/TODO
./usr.sbin/timed/timed/TODO.jb
./usr.sbin/timed/timed/broadcast.c
./usr.sbin/timed/timed/cksum.m68000.c
./usr.sbin/timed/timed/cksum.tahoe.c
./usr.sbin/timed/timed/cksum.vax.c
./usr.sbin/update/pathnames.h
